SELECT *
  2  FROM EMP
  3  WHERE ENAME LIKE '___A%';

no rows selected

SQL> SELECT *
  2  FROM EMP;

     EMPNO ENAME      JOB              MGR HIREDATE         SAL       COMM     DEPTNO               
---------- ---------- --------- ---------- --------- ---------- ---------- ----------               
      7369 SMITH      CLERK           7902 17-DEC-80       2000                    20               
      7499 ALLEN      SALESMAN        7698 20-FEB-81       1600        300         30               
      7521 WARD       SALESMAN        7698 22-FEB-81       1250        500         30               
      7566 JONES      MANAGER         7839 02-APR-81       2975                    20               
      7654 MARTIN     SALESMAN        7698 28-SEP-81       1250       1400         30               
      7698 BLAKE      MANAGER         7839 01-MAY-81       2850                    30               
      7782 CLARK      MANAGER         7839 09-JUN-81       2450                    10               
      7788 SCOTT      ANALYST         7566 19-APR-87       3000                    20               
      7839 KING       PRESIDENT            17-NOV-81      10000                    10               
      7844 TURNER     SALESMAN        7698 08-SEP-81       1500          0         30               
      7876 ADAMS      CLERK           7788 23-MAY-87       1100                    20               
      7900 JAMES      CLERK           7698 03-DEC-81        950                    30               
      7902 FORD       ANALYST         7566 03-DEC-81       3000                    20               
      7934 MILLER     CLERK           7782 23-JAN-82       1300                    10               

14 rows selected.

SQL> SELECT *
  2  FROM EMP
  3  WHERE ENAME LIKE '_P__A%';

no rows selected

SQL> SELECT *
  2  FROM EMP
  3  WHERE ENAME LIKE 'J%S';

     EMPNO ENAME      JOB              MGR HIREDATE         SAL       COMM     DEPTNO               
---------- ---------- --------- ---------- --------- ---------- ---------- ----------               
      7566 JONES      MANAGER         7839 02-APR-81       2975                    20               
      7900 JAMES      CLERK           7698 03-DEC-81        950                    30               

SQL> SELECT *
  2  FROM EMP
  3  WHERE SAL LIKE ____;
WHERE SAL LIKE ____
               *
ERROR at line 3:
ORA-00911: invalid character 


SQL> SELECT *
  2  FROM EMP
  3  WHERE SAL LIKE '____';

     EMPNO ENAME      JOB              MGR HIREDATE         SAL       COMM     DEPTNO               
---------- ---------- --------- ---------- --------- ---------- ---------- ----------               
      7369 SMITH      CLERK           7902 17-DEC-80       2000                    20               
      7499 ALLEN      SALESMAN        7698 20-FEB-81       1600        300         30               
      7521 WARD       SALESMAN        7698 22-FEB-81       1250        500         30               
      7566 JONES      MANAGER         7839 02-APR-81       2975                    20               
      7654 MARTIN     SALESMAN        7698 28-SEP-81       1250       1400         30               
      7698 BLAKE      MANAGER         7839 01-MAY-81       2850                    30               
      7782 CLARK      MANAGER         7839 09-JUN-81       2450                    10               
      7788 SCOTT      ANALYST         7566 19-APR-87       3000                    20               
      7844 TURNER     SALESMAN        7698 08-SEP-81       1500          0         30               
      7876 ADAMS      CLERK           7788 23-MAY-87       1100                    20               
      7902 FORD       ANALYST         7566 03-DEC-81       3000                    20               
      7934 MILLER     CLERK           7782 23-JAN-82       1300                    10               

12 rows selected.

SQL> SELECT *
  2  FROM EMP
  3  WHERE ENAME LIKE '_____';

     EMPNO ENAME      JOB              MGR HIREDATE         SAL       COMM     DEPTNO               
---------- ---------- --------- ---------- --------- ---------- ---------- ----------               
      7369 SMITH      CLERK           7902 17-DEC-80       2000                    20               
      7499 ALLEN      SALESMAN        7698 20-FEB-81       1600        300         30               
      7566 JONES      MANAGER         7839 02-APR-81       2975                    20               
      7698 BLAKE      MANAGER         7839 01-MAY-81       2850                    30               
      7782 CLARK      MANAGER         7839 09-JUN-81       2450                    10               
      7788 SCOTT      ANALYST         7566 19-APR-87       3000                    20               
      7876 ADAMS      CLERK           7788 23-MAY-87       1100                    20               
      7900 JAMES      CLERK           7698 03-DEC-81        950                    30               

8 rows selected.

SQL> SELECT *
  2  FROM EMP
  3  WHERE HIREDATE LIKE '%FEB%';

     EMPNO ENAME      JOB              MGR HIREDATE         SAL       COMM     DEPTNO               
---------- ---------- --------- ---------- --------- ---------- ---------- ----------               
      7499 ALLEN      SALESMAN        7698 20-FEB-81       1600        300         30               
      7521 WARD       SALESMAN        7698 22-FEB-81       1250        500         30               

SQL> SELECT *
  2  FROM EMP
  3  WHERE HIREDATE LIKE '%82';

     EMPNO ENAME      JOB              MGR HIREDATE         SAL       COMM     DEPTNO               
---------- ---------- --------- ---------- --------- ---------- ---------- ----------               
      7934 MILLER     CLERK           7782 23-JAN-82       1300                    10               

SQL> SELECT ENAME,HIREDATE
  2  FROM EMP
  3  WHERE HIREDATE LIKE '%82';

ENAME      HIREDATE                                                                                 
---------- ---------                                                                                
MILLER     23-JAN-82                                                                                

SQL> SELECT ENAME,HIREDATE
  2  FROM EMP
  3  WHERE HIREDATE LIKE '01%82';

no rows selected

SQL> SELECT ENAME,SAL
  2  FROM EMP
  3  WHERE SAL LIKE '%99';

no rows selected

SQL> SELECT ENAME,SAL
  2  FROM EMP
  3  WHERE SAL LIKE '____0';

ENAME             SAL                                                                               
---------- ----------                                                                               
KING            10000                                                                               

SQL> SELECT ENAME,SAL
  2  FROM EMP
  3  WHERE ENAME LIKE 'A____A';

no rows selected

SQL> SELECT ENAME,JOB
  2  FROM EMP
  3  WHERE JOB LIKE '%MAN%';

ENAME      JOB                                                                                      
---------- ---------                                                                                
ALLEN      SALESMAN                                                                                 
WARD       SALESMAN                                                                                 
JONES      MANAGER                                                                                  
MARTIN     SALESMAN                                                                                 
BLAKE      MANAGER                                                                                  
CLARK      MANAGER                                                                                  
TURNER     SALESMAN                                                                                 

7 rows selected.

SQL> 
SQL> 
SQL> 
SQL> 
SQL> 
SQL> SPOOL OFF
