SELECT ENAME
  2  FROM EMP
  3  WHERE SAL > ALL (SELECT SAL
  4                   FROM EMP
  5                   WHERE JOB = 'SALESMAN');

ENAME                                                                           
----------                                                                      
SMITH                                                                           
JONES                                                                           
BLAKE                                                                           
CLARK                                                                           
SCOTT                                                                           
KING                                                                            
FORD                                                                            

7 rows selected.

SQL> SELECT *
  2  FROM EMP
  3  WHERE HIREDATE > ALL (SELECT HIREDATE
  4                        FROM EMP
  5                        WHERE JOB = 'CLERK');

no rows selected

SQL> SELECT * FROM EMP;

     EMPNO ENAME      JOB              MGR HIREDATE         SAL       COMM      
---------- ---------- --------- ---------- --------- ---------- ----------      
    DEPTNO                                                                      
----------                                                                      
      7369 SMITH      CLERK           7902 17-DEC-80       2000                 
        20                                                                      
                                                                                
      7499 ALLEN      SALESMAN        7698 20-FEB-81       1600        300      
        30                                                                      
                                                                                
      7521 WARD       SALESMAN        7698 22-FEB-81       1250        500      
        30                                                                      
                                                                                

     EMPNO ENAME      JOB              MGR HIREDATE         SAL       COMM      
---------- ---------- --------- ---------- --------- ---------- ----------      
    DEPTNO                                                                      
----------                                                                      
      7566 JONES      MANAGER         7839 02-APR-81       2975                 
        20                                                                      
                                                                                
      7654 MARTIN     SALESMAN        7698 28-SEP-81       1250       1400      
        30                                                                      
                                                                                
      7698 BLAKE      MANAGER         7839 01-MAY-81       2850                 
        30                                                                      
                                                                                

     EMPNO ENAME      JOB              MGR HIREDATE         SAL       COMM      
---------- ---------- --------- ---------- --------- ---------- ----------      
    DEPTNO                                                                      
----------                                                                      
      7782 CLARK      MANAGER         7839 09-JUN-81       2450                 
        10                                                                      
                                                                                
      7788 SCOTT      ANALYST         7566 19-APR-87       3000                 
        20                                                                      
                                                                                
      7839 KING       PRESIDENT            17-NOV-81      10000                 
        10                                                                      
                                                                                

     EMPNO ENAME      JOB              MGR HIREDATE         SAL       COMM      
---------- ---------- --------- ---------- --------- ---------- ----------      
    DEPTNO                                                                      
----------                                                                      
      7844 TURNER     SALESMAN        7698 08-SEP-81       1500          0      
        30                                                                      
                                                                                
      7876 ADAMS      CLERK           7788 23-MAY-87       1100                 
        20                                                                      
                                                                                
      7900 JAMES      CLERK           7698 03-DEC-81        950                 
        30                                                                      
                                                                                

     EMPNO ENAME      JOB              MGR HIREDATE         SAL       COMM      
---------- ---------- --------- ---------- --------- ---------- ----------      
    DEPTNO                                                                      
----------                                                                      
      7902 FORD       ANALYST         7566 03-DEC-81       3000                 
        20                                                                      
                                                                                
      7934 MILLER     CLERK           7782 23-JAN-82       1300                 
        10                                                                      
                                                                                

14 rows selected.

SQL> SET PAGES 100 LINES 100
SQL> /

     EMPNO ENAME      JOB              MGR HIREDATE         SAL       COMM     DEPTNO               
---------- ---------- --------- ---------- --------- ---------- ---------- ----------               
      7369 SMITH      CLERK           7902 17-DEC-80       2000                    20               
      7499 ALLEN      SALESMAN        7698 20-FEB-81       1600        300         30               
      7521 WARD       SALESMAN        7698 22-FEB-81       1250        500         30               
      7566 JONES      MANAGER         7839 02-APR-81       2975                    20               
      7654 MARTIN     SALESMAN        7698 28-SEP-81       1250       1400         30               
      7698 BLAKE      MANAGER         7839 01-MAY-81       2850                    30               
      7782 CLARK      MANAGER         7839 09-JUN-81       2450                    10               
      7788 SCOTT      ANALYST         7566 19-APR-87       3000                    20               
      7839 KING       PRESIDENT            17-NOV-81      10000                    10               
      7844 TURNER     SALESMAN        7698 08-SEP-81       1500          0         30               
      7876 ADAMS      CLERK           7788 23-MAY-87       1100                    20               
      7900 JAMES      CLERK           7698 03-DEC-81        950                    30               
      7902 FORD       ANALYST         7566 03-DEC-81       3000                    20               
      7934 MILLER     CLERK           7782 23-JAN-82       1300                    10               

14 rows selected.

SQL> SELECT ENAME,SAL
  2  FROM EMP
  3  WHERE SAL< ANY (SELECT SAL FROM EMP
  4                  WHERE JOB = 'MANAGER');

ENAME             SAL                                                                               
---------- ----------                                                                               
JAMES             950                                                                               
ADAMS            1100                                                                               
WARD             1250                                                                               
MARTIN           1250                                                                               
MILLER           1300                                                                               
TURNER           1500                                                                               
ALLEN            1600                                                                               
SMITH            2000                                                                               
CLARK            2450                                                                               
BLAKE            2850                                                                               

10 rows selected.

SQL> SELECT ENAME, HIREDATE
  2  FROM EMP
  3  WHERE HIREDATE < ALL (SELECT HIREDATE
  4                        FROM EMP
  5                        WHERE JOB = 'MANAGER');

ENAME      HIREDATE                                                                                 
---------- ---------                                                                                
SMITH      17-DEC-80                                                                                
ALLEN      20-FEB-81                                                                                
WARD       22-FEB-81                                                                                

SQL> SELECT ENAME
  2  FROM EMP
  3  WHERE HIREDATE < ALL (SELECT HIREDATE
  4                  FROM EMP
  5                  WHERE JOB = 'MANAGER') AND
  6        SAL> ALL (SELECT SAL
  7                  FROM EMP
  8                  WHERE JOB = 'CLERK');

no rows selected

SQL> SELECT *
  2  FROM EMP
  3  WHERE JOB = 'CLERK' AND HIREDATE < ANY (SELECT HIREDATE
  4                                          FROM EMP
  5                                          WHERE JOB = 'SALESMAN');

     EMPNO ENAME      JOB              MGR HIREDATE         SAL       COMM     DEPTNO               
---------- ---------- --------- ---------- --------- ---------- ---------- ----------               
      7369 SMITH      CLERK           7902 17-DEC-80       2000                    20               

SQL> SELECT ENAME
  2  FROM EMP
  3  WHERE HIREDATE > ALL (SELECT HIREDATE
  4                         FROM EMP
  5                         WHERE DEPTNO = 10);

ENAME                                                                                               
----------                                                                                          
SCOTT                                                                                               
ADAMS                                                                                               

SQL> SELECT ENAME
  2  FROM EMP
  3  WHERE SAL=(SELECT MIN(SAL)
  4             FROM EMP
  5  );

ENAME                                                                                               
----------                                                                                          
JAMES                                                                                               

SQL> SELECT ENAME
  2  FROM EMP
  3  WHERE SAL=(SELECT MAX(SAL)
  4             FROM EMP);

ENAME                                                                                               
----------                                                                                          
KING                                                                                                

SQL> SELECT ENAME,HIREDATE
  2  FROM EMP
  3  WHERE HIREDATE = (SELECT MIN(HIREDATE)
  4                    FROM EMP
  5                    );

ENAME      HIREDATE                                                                                 
---------- ---------                                                                                
SMITH      17-DEC-80                                                                                

SQL> SELECT ENAME,HIREDATE
  2  FROM EMP
  3  WHERE HIREDATE = (SELECT MAX(HIREDATE)
  4                    FROM EMP
  5                       );

ENAME      HIREDATE                                                                                 
---------- ---------                                                                                
ADAMS      23-MAY-87                                                                                

SQL> SELECT NAME,COMM
  2  FROM EMP
  3  WHERE COMM = (SELECT MIN(COMM)
  4                FROM EMP);
SELECT NAME,COMM
       *
ERROR at line 1:
ORA-00904: "NAME": invalid identifier 


SQL> ED
Wrote file afiedt.buf

  1  SELECT ENAME,COMM
  2  FROM EMP
  3  WHERE COMM = (SELECT MIN(COMM)
  4*               FROM EMP)
SQL> /

ENAME            COMM                                                                               
---------- ----------                                                                               
TURNER              0                                                                               

SQL> SELECT ENAME,SAL, COMM
  2  FROM EMP
  3  WHERE COMM = (SELECT COMM
  4                FROM EMP
  5  SELECT ENAME,SAL, COMM
  6  FROM EMP
  7  WHERE COMM = (SELECT COMM;
WHERE COMM = (SELECT COMM
              *
ERROR at line 3:
ORA-00921: unexpected end of SQL command 


SQL> SELECT ENAME,SAL, COMM
  2  FROM EMP
  3  WHERE COMM = (SELECT MAX(COMM)
  4                FROM EMP);

ENAME             SAL       COMM                                                                    
---------- ---------- ----------                                                                    
MARTIN           1250       1400                                                                    

SQL> SELECT *
  2  FROM EMP
  3  WHERE EMPNO = (SELECT EMPNO
  4                 FROM EMP
  5  ;
WHERE EMPNO = (SELECT EMPNO
               *
ERROR at line 3:
ORA-00921: unexpected end of SQL command 


SQL> SELECT *
  2  FROM EMP
  3  WHERE EMPNO = (SELECT MAX(EMPNO)
  4                 FROM EMP
  5                  );

     EMPNO ENAME      JOB              MGR HIREDATE         SAL       COMM     DEPTNO               
---------- ---------- --------- ---------- --------- ---------- ---------- ----------               
      7934 MILLER     CLERK           7782 23-JAN-82       1300                    10               

SQL> SELECT *
  2  FROM EMP
  3  WHERE SAL*12 < (SELECT MIN(SAL*12)
  4                  FROM EMP
  5                  );

no rows selected

SQL> ED
Wrote file afiedt.buf

  1  SELECT *
  2  FROM EMP
  3  WHERE SAL*12 = (SELECT MIN(SAL*12)
  4                  FROM EMP
  5*                 )
SQL> /

     EMPNO ENAME      JOB              MGR HIREDATE         SAL       COMM     DEPTNO               
---------- ---------- --------- ---------- --------- ---------- ---------- ----------               
      7900 JAMES      CLERK           7698 03-DEC-81        950                    30               

SQL> SELECT ENAME,SAL*12
  2  FROM EMP
  3  WHERE SAL*12>(SELECT MAX(SAL*12)
  4                FROM EMP
  5                 WHERE JOB = 'SALESMAN');

ENAME          SAL*12                                                                               
---------- ----------                                                                               
SMITH           24000                                                                               
JONES           35700                                                                               
BLAKE           34200                                                                               
CLARK           29400                                                                               
SCOTT           36000                                                                               
KING           120000                                                                               
FORD            36000                                                                               

7 rows selected.

SQL> SELECT ENAME
  2  FROM EMP
  3  WHERE SAL> (SELECT SAL FROM EMP
  4  WHERE ENAME ='SCOTT') AND DEPTNO=(SELECT DEPTNO
  5                                    FROM DEPT
  6                                    WHERE DNAME='ACCOUNTING');

ENAME                                                                                               
----------                                                                                          
KING                                                                                                

SQL> SELECT *
  2  FROM EMP
  3  WHERE JOB = 'MANAGER' AND DEPTNO = (SELECT DEPTNO
  4                                      FROM DEPT
  5                                      WHERE LOC='CHICAGO');

     EMPNO ENAME      JOB              MGR HIREDATE         SAL       COMM     DEPTNO               
---------- ---------- --------- ---------- --------- ---------- ---------- ----------               
      7698 BLAKE      MANAGER         7839 01-MAY-81       2850                    30               

SQL> SELECT ENAME,SAL
  2  FROM EMP
  3  WHERE SAL > (SELECT SAL FROM EMP
  4               WHERE ENAME= 'KING') AND DEPTNO=(SELECT DEPTNO
  5              FROM DEPT
  6              WHERE DNAME='ACCOUNTING');

no rows selected

SQL> SELECT * FROM EMP
  2  WHERE JOB = 'SALESMAN' AND DEPTNO=(SELECT DEPTNO
  3                                      FROM DEPT
  4                                      WHERE DEPT = 'SALES';
WHERE JOB = 'SALESMAN' AND DEPTNO=(SELECT DEPTNO
                                   *
ERROR at line 2:
ORA-00921: unexpected end of SQL command 


SQL> ED
Wrote file afiedt.buf

  1  SELECT * FROM EMP
  2  WHERE JOB = 'SALESMAN' AND DEPTNO=(SELECT DEPTNO
  3                                      FROM DEPT
  4*                                     WHERE DEPT = 'SALES')
SQL> /
                                    WHERE DEPT = 'SALES')
                                          *
ERROR at line 4:
ORA-00904: "DEPT": invalid identifier 


SQL> SELECT * FROM DEPT;

    DEPTNO DNAME          LOC                                                                       
---------- -------------- -------------                                                             
        10 ACCOUNTING     NEW YORK                                                                  
        20 RESEARCH       DALLAS                                                                    
        30 SALES          CHICAGO                                                                   
        40 OPERATIONS     BOSTON                                                                    

SQL> //

    DEPTNO DNAME          LOC                                                                       
---------- -------------- -------------                                                             
        10 ACCOUNTING     NEW YORK                                                                  
        20 RESEARCH       DALLAS                                                                    
        30 SALES          CHICAGO                                                                   
        40 OPERATIONS     BOSTON                                                                    

SQL> ./
SP2-0042: unknown command "./" - rest of line ignored.
SQL> SELECT * FROM EMP
  2  WHERE JOB = 'SALESMAN' AND DEPTNO=(SELECT DEPTNO
  3                                      FROM DEPT
  4                                      WHERE DNAME = 'SALES');

     EMPNO ENAME      JOB              MGR HIREDATE         SAL       COMM     DEPTNO               
---------- ---------- --------- ---------- --------- ---------- ---------- ----------               
      7499 ALLEN      SALESMAN        7698 20-FEB-81       1600        300         30               
      7521 WARD       SALESMAN        7698 22-FEB-81       1250        500         30               
      7654 MARTIN     SALESMAN        7698 28-SEP-81       1250       1400         30               
      7844 TURNER     SALESMAN        7698 08-SEP-81       1500          0         30               

SQL> SELECT ENAME,SAL,JOB,HIREDATE
  2  FROM EMP
  3  WHERE DEPTNO=(SELECT DEPTNO
  4                FROM DEPT
  5                WHERE DNAME='OPERATIONS') AND HIREDATE<(SELECT HIREDATE
  6                                                        FROM EMP
  7                                                        WHERE ENAME='KING');

no rows selected

SQL> SELECT EMP
  2  ;

*
ERROR at line 2:
ORA-00923: FROM keyword not found where expected 


SQL> SELECT ENAME
  2  FROM EMP
  3  WHERE DEPTNO = (SELECT DEPTNO
  4                  FROM EMP
  5                  WHERE DNAME LIKE '%S');
                WHERE DNAME LIKE '%S')
                      *
ERROR at line 5:
ORA-00904: "DNAME": invalid identifier 


SQL> ED
Wrote file afiedt.buf

  1  SELECT ENAME
  2  FROM EMP
  3  WHERE DEPTNO = (SELECT DEPTNO
  4                  FROM DEPT
  5*                 WHERE DNAME LIKE '%S')
SQL> /
WHERE DEPTNO = (SELECT DEPTNO
                *
ERROR at line 3:
ORA-01427: single-row subquery returns more than one row 


SQL> ED
Wrote file afiedt.buf

  1  SELECT ENAME
  2  FROM EMP
  3  WHERE DEPTNO IN (SELECT DEPTNO
  4                  FROM DEPT
  5*                 WHERE DNAME LIKE '%S')
SQL> /

ENAME                                                                                               
----------                                                                                          
ALLEN                                                                                               
WARD                                                                                                
MARTIN                                                                                              
BLAKE                                                                                               
TURNER                                                                                              
JAMES                                                                                               

6 rows selected.

SQL> SELECT DNAME
  2  FROM DEPT
  3  WHERE DEPTNO IN (SELECT ENAME
  4                    FROM EMP
  5                   WHERE ENAME LIKE '%A%');
WHERE DEPTNO IN (SELECT ENAME
                        *
ERROR at line 3:
ORA-01722: invalid number 


SQL> ED
Wrote file afiedt.buf

  1  SELECT DNAME
  2  FROM DEPT
  3  WHERE DEPTNO IN (SELECT DEPTNO
  4                    FROM EMP
  5*                  WHERE ENAME LIKE '%A%')
SQL> /

DNAME                                                                                               
--------------                                                                                      
ACCOUNTING                                                                                          
RESEARCH                                                                                            
SALES                                                                                               

SQL> SELECT DNAME, LOC
  2  FROM DEPT
  3  WHERE DEPTNO IN (SELECT DEPTNO
  4                   FROM EMP
  5                   WHERE SAL=800);

no rows selected

SQL> SELECT DNAME
  2  FROM DEPT
  3  WHERE DEPTNO IN (SELECT DEPTNO
  4                   FROM EMP
  5                   WHERE COMM IS NOT NULL);

DNAME                                                                                               
--------------                                                                                      
SALES                                                                                               

SQL> SELECT LOC
  2  FROM DEPT
  3  WHERE DEPTNO IN (40,SELECT DEPTNO
  4                      FROM EMP
  5  ;
WHERE DEPTNO IN (40,SELECT DEPTNO
                    *
ERROR at line 3:
ORA-00936: missing expression 


SQL> SELECT LOC
  2  FROM DEPT
  3  WHERE DEPTNO= 40 AND DEPTN0 = (SELECT DEPTNO
  4                                 FROM EMP
  5                                 WHERE COMM IS NOT NULL);
WHERE DEPTNO= 40 AND DEPTN0 = (SELECT DEPTNO
                     *
ERROR at line 3:
ORA-00904: "DEPTN0": invalid identifier 


SQL> ED
Wrote file afiedt.buf

  1  SELECT LOC
  2  FROM DEPT
  3  WHERE DEPTN0 = (SELECT DEPTNO
  4                                 FROM EMP
  5*                                WHERE COMM IS NOT NULL)
SQL> /
WHERE DEPTN0 = (SELECT DEPTNO
      *
ERROR at line 3:
ORA-00904: "DEPTN0": invalid identifier 


SQL> SELECT * FROM DEPT;

    DEPTNO DNAME          LOC                                                                       
---------- -------------- -------------                                                             
        10 ACCOUNTING     NEW YORK                                                                  
        20 RESEARCH       DALLAS                                                                    
        30 SALES          CHICAGO                                                                   
        40 OPERATIONS     BOSTON                                                                    

SQL> SELECT LOC
  2  FROM DEPT
  3  WHERE DEPTN0 = (SELECT DEPTNO
  4  ;
WHERE DEPTN0 = (SELECT DEPTNO
                *
ERROR at line 3:
ORA-00921: unexpected end of SQL command 


SQL> ED
Wrote file afiedt.buf

  1  SELECT LOC
  2  FROM DEPT
  3  WHERE DEPTNO = (SELECT DEPTNO
  4                                         FROM EMP
  5*                                         WHERE DEPTNO = 40 AND COMM IS NOT NULL)
  6  /

no rows selected

SQL> SPOOL OFF
