SELECT ENAME,SAL*12 AS "ANNUAL SALARY"
  2  FROM EMP;

ENAME      ANNUAL SALARY                                                                            
---------- -------------                                                                            
SMITH              24000                                                                            
ALLEN              19200                                                                            
WARD               15000                                                                            
JONES              35700                                                                            
MARTIN             15000                                                                            
BLAKE              34200                                                                            
CLARK              29400                                                                            
SCOTT              36000                                                                            
KING              120000                                                                            
TURNER             18000                                                                            
ADAMS              13200                                                                            
JAMES              11400                                                                            
FORD               36000                                                                            
MILLER             15600                                                                            

14 rows selected.

SQL> SELECT ENAME,JOB,SAL/2 AS "HALF TERM SALARY"
  2  FROM EMP;

ENAME      JOB       HALF TERM SALARY                                                               
---------- --------- ----------------                                                               
SMITH      CLERK                 1000                                                               
ALLEN      SALESMAN               800                                                               
WARD       SALESMAN               625                                                               
JONES      MANAGER             1487.5                                                               
MARTIN     SALESMAN               625                                                               
BLAKE      MANAGER               1425                                                               
CLARK      MANAGER               1225                                                               
SCOTT      ANALYST               1500                                                               
KING       PRESIDENT             5000                                                               
TURNER     SALESMAN               750                                                               
ADAMS      CLERK                  550                                                               
JAMES      CLERK                  475                                                               
FORD       ANALYST               1500                                                               
MILLER     CLERK                  650                                                               

14 rows selected.

SQL> SELECT EMP.* , (SAL*12)+2000
  2  FROM EMP;

     EMPNO ENAME      JOB              MGR HIREDATE         SAL       COMM     DEPTNO (SAL*12)+2000 
---------- ---------- --------- ---------- --------- ---------- ---------- ---------- ------------- 
      7369 SMITH      CLERK           7902 17-DEC-80       2000                    20         26000 
      7499 ALLEN      SALESMAN        7698 20-FEB-81       1600        300         30         21200 
      7521 WARD       SALESMAN        7698 22-FEB-81       1250        500         30         17000 
      7566 JONES      MANAGER         7839 02-APR-81       2975                    20         37700 
      7654 MARTIN     SALESMAN        7698 28-SEP-81       1250       1400         30         17000 
      7698 BLAKE      MANAGER         7839 01-MAY-81       2850                    30         36200 
      7782 CLARK      MANAGER         7839 09-JUN-81       2450                    10         31400 
      7788 SCOTT      ANALYST         7566 19-APR-87       3000                    20         38000 
      7839 KING       PRESIDENT            17-NOV-81      10000                    10        122000 
      7844 TURNER     SALESMAN        7698 08-SEP-81       1500          0         30         20000 
      7876 ADAMS      CLERK           7788 23-MAY-87       1100                    20         15200 
      7900 JAMES      CLERK           7698 03-DEC-81        950                    30         13400 
      7902 FORD       ANALYST         7566 03-DEC-81       3000                    20         38000 
      7934 MILLER     CLERK           7782 23-JAN-82       1300                    10         17600 

14 rows selected.

SQL> SELECT EMP.* , (SAL*12)+2000 AS "SAL WITH ANNUAL BONUS"
  2  FROM EMP;

     EMPNO ENAME      JOB              MGR HIREDATE         SAL       COMM     DEPTNO               
---------- ---------- --------- ---------- --------- ---------- ---------- ----------               
SAL WITH ANNUAL BONUS                                                                               
---------------------                                                                               
      7369 SMITH      CLERK           7902 17-DEC-80       2000                    20               
                26000                                                                               
                                                                                                    
      7499 ALLEN      SALESMAN        7698 20-FEB-81       1600        300         30               
                21200                                                                               
                                                                                                    
      7521 WARD       SALESMAN        7698 22-FEB-81       1250        500         30               
                17000                                                                               
                                                                                                    
      7566 JONES      MANAGER         7839 02-APR-81       2975                    20               
                37700                                                                               
                                                                                                    
      7654 MARTIN     SALESMAN        7698 28-SEP-81       1250       1400         30               
                17000                                                                               
                                                                                                    
      7698 BLAKE      MANAGER         7839 01-MAY-81       2850                    30               
                36200                                                                               
                                                                                                    
      7782 CLARK      MANAGER         7839 09-JUN-81       2450                    10               
                31400                                                                               
                                                                                                    
      7788 SCOTT      ANALYST         7566 19-APR-87       3000                    20               
                38000                                                                               
                                                                                                    
      7839 KING       PRESIDENT            17-NOV-81      10000                    10               
               122000                                                                               
                                                                                                    
      7844 TURNER     SALESMAN        7698 08-SEP-81       1500          0         30               
                20000                                                                               
                                                                                                    
      7876 ADAMS      CLERK           7788 23-MAY-87       1100                    20               
                15200                                                                               
                                                                                                    
      7900 JAMES      CLERK           7698 03-DEC-81        950                    30               
                13400                                                                               
                                                                                                    
      7902 FORD       ANALYST         7566 03-DEC-81       3000                    20               
                38000                                                                               
                                                                                                    
      7934 MILLER     CLERK           7782 23-JAN-82       1300                    10               
                17600                                                                               
                                                                                                    

14 rows selected.

SQL> SELECT ENAME , SAL , SAL+(SAL/10) AS "HIKE"
  2  FROM EMP;

ENAME             SAL       HIKE                                                                    
---------- ---------- ----------                                                                    
SMITH            2000       2200                                                                    
ALLEN            1600       1760                                                                    
WARD             1250       1375                                                                    
JONES            2975     3272.5                                                                    
MARTIN           1250       1375                                                                    
BLAKE            2850       3135                                                                    
CLARK            2450       2695                                                                    
SCOTT            3000       3300                                                                    
KING            10000      11000                                                                    
TURNER           1500       1650                                                                    
ADAMS            1100       1210                                                                    
JAMES             950       1045                                                                    
FORD             3000       3300                                                                    
MILLER           1300       1430                                                                    

14 rows selected.

SQL> SELECT ENAME , SAL-(SAL/4) AS "DEDUCT 25%"
  2  FROM EMP;

ENAME      DEDUCT 25%                                                                               
---------- ----------                                                                               
SMITH            1500                                                                               
ALLEN            1200                                                                               
WARD            937.5                                                                               
JONES         2231.25                                                                               
MARTIN          937.5                                                                               
BLAKE          2137.5                                                                               
CLARK          1837.5                                                                               
SCOTT            2250                                                                               
KING             7500                                                                               
TURNER           1125                                                                               
ADAMS             825                                                                               
JAMES           712.5                                                                               
FORD             2250                                                                               
MILLER            975                                                                               

14 rows selected.

SQL> SELECT ENAME , SAL+50 AS "HIKE"
  2  FROM EMP;

ENAME            HIKE                                                                               
---------- ----------                                                                               
SMITH            2050                                                                               
ALLEN            1650                                                                               
WARD             1300                                                                               
JONES            3025                                                                               
MARTIN           1300                                                                               
BLAKE            2900                                                                               
CLARK            2500                                                                               
SCOTT            3050                                                                               
KING            10050                                                                               
TURNER           1550                                                                               
ADAMS            1150                                                                               
JAMES            1000                                                                               
FORD             3050                                                                               
MILLER           1350                                                                               

14 rows selected.

SQL> SELECT ENAME , (SAL*12)-(SAL*12/10) AS "DEDUCT ANNUAL SAL"
  2  FROM EMP;

ENAME      DEDUCT ANNUAL SAL                                                                        
---------- -----------------                                                                        
SMITH                  21600                                                                        
ALLEN                  17280                                                                        
WARD                   13500                                                                        
JONES                  32130                                                                        
MARTIN                 13500                                                                        
BLAKE                  30780                                                                        
CLARK                  26460                                                                        
SCOTT                  32400                                                                        
KING                  108000                                                                        
TURNER                 16200                                                                        
ADAMS                  11880                                                                        
JAMES                  10260                                                                        
FORD                   32400                                                                        
MILLER                 14040                                                                        

14 rows selected.

SQL> SELECT SAL+COMM AS "TOTAL SALARY"
  2  FROM EMP;

TOTAL SALARY                                                                                        
------------                                                                                        
                                                                                                    
        1900                                                                                        
        1750                                                                                        
                                                                                                    
        2650                                                                                        
                                                                                                    
                                                                                                    
                                                                                                    
                                                                                                    
        1500                                                                                        
                                                                                                    
                                                                                                    
                                                                                                    
                                                                                                    

14 rows selected.

SQL> SELECT * , SAL+COMM AS "TOTAL SALARY"
  2  FROM EMP;
SELECT * , SAL+COMM AS "TOTAL SALARY"
         *
ERROR at line 1:
ORA-00923: FROM keyword not found where expected 


SQL> SELECT EMP.* , SAL+CO,, AS "TOTAL SALARY"
  2  FROM EMP;
SELECT EMP.* , SAL+CO,, AS "TOTAL SALARY"
                      *
ERROR at line 1:
ORA-00936: missing expression 


SQL> SELECT EMP.*,SAL+COMM AS "TOTAL SALARY"
  2  FROM EMP;

     EMPNO ENAME      JOB              MGR HIREDATE         SAL       COMM     DEPTNO TOTAL SALARY  
---------- ---------- --------- ---------- --------- ---------- ---------- ---------- ------------  
      7369 SMITH      CLERK           7902 17-DEC-80       2000                    20               
      7499 ALLEN      SALESMAN        7698 20-FEB-81       1600        300         30         1900  
      7521 WARD       SALESMAN        7698 22-FEB-81       1250        500         30         1750  
      7566 JONES      MANAGER         7839 02-APR-81       2975                    20               
      7654 MARTIN     SALESMAN        7698 28-SEP-81       1250       1400         30         2650  
      7698 BLAKE      MANAGER         7839 01-MAY-81       2850                    30               
      7782 CLARK      MANAGER         7839 09-JUN-81       2450                    10               
      7788 SCOTT      ANALYST         7566 19-APR-87       3000                    20               
      7839 KING       PRESIDENT            17-NOV-81      10000                    10               
      7844 TURNER     SALESMAN        7698 08-SEP-81       1500          0         30         1500  
      7876 ADAMS      CLERK           7788 23-MAY-87       1100                    20               
      7900 JAMES      CLERK           7698 03-DEC-81        950                    30               
      7902 FORD       ANALYST         7566 03-DEC-81       3000                    20               
      7934 MILLER     CLERK           7782 23-JAN-82       1300                    10               

14 rows selected.

SQL> SELECT EMP.* , SAL*12 AS "ANNUAL SAL"
  2  FROM EMP;

     EMPNO ENAME      JOB              MGR HIREDATE         SAL       COMM     DEPTNO ANNUAL SAL    
---------- ---------- --------- ---------- --------- ---------- ---------- ---------- ----------    
      7369 SMITH      CLERK           7902 17-DEC-80       2000                    20      24000    
      7499 ALLEN      SALESMAN        7698 20-FEB-81       1600        300         30      19200    
      7521 WARD       SALESMAN        7698 22-FEB-81       1250        500         30      15000    
      7566 JONES      MANAGER         7839 02-APR-81       2975                    20      35700    
      7654 MARTIN     SALESMAN        7698 28-SEP-81       1250       1400         30      15000    
      7698 BLAKE      MANAGER         7839 01-MAY-81       2850                    30      34200    
      7782 CLARK      MANAGER         7839 09-JUN-81       2450                    10      29400    
      7788 SCOTT      ANALYST         7566 19-APR-87       3000                    20      36000    
      7839 KING       PRESIDENT            17-NOV-81      10000                    10     120000    
      7844 TURNER     SALESMAN        7698 08-SEP-81       1500          0         30      18000    
      7876 ADAMS      CLERK           7788 23-MAY-87       1100                    20      13200    
      7900 JAMES      CLERK           7698 03-DEC-81        950                    30      11400    
      7902 FORD       ANALYST         7566 03-DEC-81       3000                    20      36000    
      7934 MILLER     CLERK           7782 23-JAN-82       1300                    10      15600    

14 rows selected.

SQL> SELECT ENAME , JOB , SAL-100 AS "SALARY"
  2  FROM EMP;

ENAME      JOB           SALARY                                                                     
---------- --------- ----------                                                                     
SMITH      CLERK           1900                                                                     
ALLEN      SALESMAN        1500                                                                     
WARD       SALESMAN        1150                                                                     
JONES      MANAGER         2875                                                                     
MARTIN     SALESMAN        1150                                                                     
BLAKE      MANAGER         2750                                                                     
CLARK      MANAGER         2350                                                                     
SCOTT      ANALYST         2900                                                                     
KING       PRESIDENT       9900                                                                     
TURNER     SALESMAN        1400                                                                     
ADAMS      CLERK           1000                                                                     
JAMES      CLERK            850                                                                     
FORD       ANALYST         2900                                                                     
MILLER     CLERK           1200                                                                     

14 rows selected.

SQL> SPOOL OFF
